version: 1
creator: xdebug 3.5.1 (PHP 8.3.29)
cmd: D:\Experiment\php profiler\cachegrind-studio\fixtures\generator\workload.php
part: 1
positions: line

events: Time_(10ns) Memory_(bytes)

fl=(2) D:\Experiment\php profiler\cachegrind-studio\fixtures\generator\helper.php
fn=(1) require::D:\Experiment\php profiler\cachegrind-studio\fixtures\generator\helper.php
1 210 0

fl=(1) php:internal
fn=(2) php::max
45 21290 0

fl=(1)
fn=(3) php::usleep
42 49317420 0

fl=(3) D:\Experiment\php profiler\cachegrind-studio\fixtures\generator\workload.php
fn=(4) calibrationSleep
39 3370 32
cfl=(1)
cfn=(3)
calls=1 0 0
42 49317420 0

fl=(3)
fn=(5) fib
16 830 0

fl=(3)
fn=(5)
16 200 0

fl=(3)
fn=(5)
16 1610 64
cfl=(3)
cfn=(5)
calls=1 0 0
18 830 0
cfl=(3)
cfn=(5)
calls=1 0 0
18 200 0

fl=(3)
fn=(5)
16 170 0

fl=(3)
fn=(5)
16 1040 0
cfl=(3)
cfn=(5)
calls=1 0 0
18 2640 64
cfl=(3)
cfn=(5)
calls=1 0 0
18 170 0

fl=(3)
fn=(5)
16 190 0

fl=(3)
fn=(5)
16 160 0

fl=(3)
fn=(5)
16 770 64
cfl=(3)
cfn=(5)
calls=1 0 0
18 190 0
cfl=(3)
cfn=(5)
calls=1 0 0
18 160 0

fl=(3)
fn=(5)
16 1220 0
cfl=(3)
cfn=(5)
calls=1 0 0
18 3850 64
cfl=(3)
cfn=(5)
calls=1 0 0
18 1120 64

fl=(3)
fn=(5)
16 180 0

fl=(3)
fn=(5)
16 160 0

fl=(3)
fn=(5)
16 780 64
cfl=(3)
cfn=(5)
calls=1 0 0
18 180 0
cfl=(3)
cfn=(5)
calls=1 0 0
18 160 0

fl=(3)
fn=(5)
16 170 0

fl=(3)
fn=(5)
16 820 0
cfl=(3)
cfn=(5)
calls=1 0 0
18 1120 64
cfl=(3)
cfn=(5)
calls=1 0 0
18 170 0

fl=(3)
fn=(5)
16 940 0
cfl=(3)
cfn=(5)
calls=1 0 0
18 6190 64
cfl=(3)
cfn=(5)
calls=1 0 0
18 2110 64

fl=(3)
fn=(5)
16 170 0

fl=(3)
fn=(5)
16 160 0

fl=(3)
fn=(5)
16 770 64
cfl=(3)
cfn=(5)
calls=1 0 0
18 170 0
cfl=(3)
cfn=(5)
calls=1 0 0
18 160 0

fl=(3)
fn=(5)
16 180 0

fl=(3)
fn=(5)
16 860 0
cfl=(3)
cfn=(5)
calls=1 0 0
18 1100 64
cfl=(3)
cfn=(5)
calls=1 0 0
18 180 0

fl=(3)
fn=(5)
16 180 0

fl=(3)
fn=(5)
16 160 0

fl=(3)
fn=(5)
16 760 64
cfl=(3)
cfn=(5)
calls=1 0 0
18 180 0
cfl=(3)
cfn=(5)
calls=1 0 0
18 160 0

fl=(3)
fn=(5)
16 920 0
cfl=(3)
cfn=(5)
calls=1 0 0
18 2140 64
cfl=(3)
cfn=(5)
calls=1 0 0
18 1100 64

fl=(3)
fn=(5)
16 930 0
cfl=(3)
cfn=(5)
calls=1 0 0
18 9240 64
cfl=(3)
cfn=(5)
calls=1 0 0
18 4160 64

fl=(3)
fn=(5)
16 190 0

fl=(3)
fn=(5)
16 170 0

fl=(3)
fn=(5)
16 750 64
cfl=(3)
cfn=(5)
calls=1 0 0
18 190 0
cfl=(3)
cfn=(5)
calls=1 0 0
18 170 0

fl=(3)
fn=(5)
16 170 0

fl=(3)
fn=(5)
16 820 0
cfl=(3)
cfn=(5)
calls=1 0 0
18 1110 64
cfl=(3)
cfn=(5)
calls=1 0 0
18 170 0

fl=(3)
fn=(5)
16 170 0

fl=(3)
fn=(5)
16 170 0

fl=(3)
fn=(5)
16 760 64
cfl=(3)
cfn=(5)
calls=1 0 0
18 170 0
cfl=(3)
cfn=(5)
calls=1 0 0
18 170 0

fl=(3)
fn=(5)
16 900 0
cfl=(3)
cfn=(5)
calls=1 0 0
18 2100 64
cfl=(3)
cfn=(5)
calls=1 0 0
18 1100 64

fl=(3)
fn=(5)
16 180 0

fl=(3)
fn=(5)
16 170 0

fl=(3)
fn=(5)
16 760 64
cfl=(3)
cfn=(5)
calls=1 0 0
18 180 0
cfl=(3)
cfn=(5)
calls=1 0 0
18 170 0

fl=(3)
fn=(5)
16 160 0

fl=(3)
fn=(5)
16 830 0
cfl=(3)
cfn=(5)
calls=1 0 0
18 1110 64
cfl=(3)
cfn=(5)
calls=1 0 0
18 160 0

fl=(3)
fn=(5)
16 890 0
cfl=(3)
cfn=(5)
calls=1 0 0
18 4100 64
cfl=(3)
cfn=(5)
calls=1 0 0
18 2100 64

fl=(3)
fn=(5)
16 970 0
cfl=(3)
cfn=(5)
calls=1 0 0
18 14330 64
cfl=(3)
cfn=(5)
calls=1 0 0
18 7090 64

fl=(3)
fn=(5)
16 190 0

fl=(3)
fn=(5)
16 70 0

fl=(3)
fn=(5)
16 540 64
cfl=(3)
cfn=(5)
calls=1 0 0
18 190 0
cfl=(3)
cfn=(5)
calls=1 0 0
18 70 0

fl=(3)
fn=(5)
16 60 0

fl=(3)
fn=(5)
16 490 0
cfl=(3)
cfn=(5)
calls=1 0 0
18 800 64
cfl=(3)
cfn=(5)
calls=1 0 0
18 60 0

fl=(3)
fn=(5)
16 60 0

fl=(3)
fn=(5)
16 60 0

fl=(3)
fn=(5)
16 250 64
cfl=(3)
cfn=(5)
calls=1 0 0
18 60 0
cfl=(3)
cfn=(5)
calls=1 0 0
18 60 0

fl=(3)
fn=(5)
16 530 0
cfl=(3)
cfn=(5)
calls=1 0 0
18 1350 64
cfl=(3)
cfn=(5)
calls=1 0 0
18 370 64

fl=(3)
fn=(5)
16 60 0

fl=(3)
fn=(5)
16 60 0

fl=(3)
fn=(5)
16 250 64
cfl=(3)
cfn=(5)
calls=1 0 0
18 60 0
cfl=(3)
cfn=(5)
calls=1 0 0
18 60 0

fl=(3)
fn=(5)
16 60 0

fl=(3)
fn=(5)
16 280 0
cfl=(3)
cfn=(5)
calls=1 0 0
18 370 64
cfl=(3)
cfn=(5)
calls=1 0 0
18 60 0

fl=(3)
fn=(5)
16 510 0
cfl=(3)
cfn=(5)
calls=1 0 0
18 2250 64
cfl=(3)
cfn=(5)
calls=1 0 0
18 710 64

fl=(3)
fn=(5)
16 70 0

fl=(3)
fn=(5)
16 60 0

fl=(3)
fn=(5)
16 270 64
cfl=(3)
cfn=(5)
calls=1 0 0
18 70 0
cfl=(3)
cfn=(5)
calls=1 0 0
18 60 0

fl=(3)
fn=(5)
16 60 0

fl=(3)
fn=(5)
16 270 0
cfl=(3)
cfn=(5)
calls=1 0 0
18 400 64
cfl=(3)
cfn=(5)
calls=1 0 0
18 60 0

fl=(3)
fn=(5)
16 60 0

fl=(3)
fn=(5)
16 590 0

fl=(3)
fn=(5)
16 190370 64
cfl=(3)
cfn=(5)
calls=1 0 0
18 60 0
cfl=(3)
cfn=(5)
calls=1 0 0
18 590 0

fl=(3)
fn=(5)
16 650 0
cfl=(3)
cfn=(5)
calls=1 0 0
18 730 64
cfl=(3)
cfn=(5)
calls=1 0 0
18 191020 64

fl=(3)
fn=(5)
16 690 0
cfl=(3)
cfn=(5)
calls=1 0 0
18 3470 64
cfl=(3)
cfn=(5)
calls=1 0 0
18 192400 64

fl=(3)
fn=(5)
16 3820 0
cfl=(3)
cfn=(5)
calls=1 0 0
18 22390 64
cfl=(3)
cfn=(5)
calls=1 0 0
18 196560 64

fl=(1)
fn=(6) php::sqrt
25 730 0

fl=(1)
fn=(6)
25 40 0

fl=(1)
fn=(6)
25 20 0

fl=(1)
fn=(6)
25 20 0

fl=(1)
fn=(6)
25 20 0

fl=(1)
fn=(6)
25 10 0

fl=(1)
fn=(6)
25 20 0

fl=(1)
fn=(6)
25 20 0

fl=(1)
fn=(6)
25 20 0

fl=(1)
fn=(6)
25 20 0

fl=(1)
fn=(6)
25 10 0

fl=(1)
fn=(6)
25 20 0

fl=(1)
fn=(6)
25 20 0

fl=(1)
fn=(6)
25 20 0

fl=(1)
fn=(6)
25 30 0

fl=(1)
fn=(6)
25 20 0

fl=(1)
fn=(6)
25 20 0

fl=(1)
fn=(6)
25 10 0

fl=(1)
fn=(6)
25 20 0

fl=(1)
fn=(6)
25 20 0

fl=(1)
fn=(6)
25 20 0

fl=(1)
fn=(6)
25 20 0

fl=(1)
fn=(6)
25 20 0

fl=(1)
fn=(6)
25 20 0

fl=(1)
fn=(6)
25 20 0

fl=(1)
fn=(6)
25 20 0

fl=(1)
fn=(6)
25 10 0

fl=(1)
fn=(6)
25 20 0

fl=(1)
fn=(6)
25 30 0

fl=(1)
fn=(6)
25 10 0

fl=(1)
fn=(6)
25 20 0

fl=(1)
fn=(6)
25 20 0

fl=(1)
fn=(6)
25 20 0

fl=(1)
fn=(6)
25 20 0

fl=(1)
fn=(6)
25 20 0

fl=(1)
fn=(6)
25 10 0

fl=(1)
fn=(6)
25 20 0

fl=(1)
fn=(6)
25 20 0

fl=(1)
fn=(6)
25 20 0

fl=(1)
fn=(6)
25 20 0

fl=(1)
fn=(6)
25 20 0

fl=(1)
fn=(6)
25 20 0

fl=(1)
fn=(6)
25 10 0

fl=(1)
fn=(6)
25 20 0

fl=(1)
fn=(6)
25 20 0

fl=(1)
fn=(6)
25 20 0

fl=(1)
fn=(6)
25 10 0

fl=(1)
fn=(6)
25 20 0

fl=(1)
fn=(6)
25 20 0

fl=(1)
fn=(6)
25 20 0

fl=(1)
fn=(6)
25 20 0

fl=(1)
fn=(6)
25 20 0

fl=(1)
fn=(6)
25 10 0

fl=(1)
fn=(6)
25 20 0

fl=(1)
fn=(6)
25 20 0

fl=(1)
fn=(6)
25 20 0

fl=(1)
fn=(6)
25 20 0

fl=(1)
fn=(6)
25 20 0

fl=(1)
fn=(6)
25 10 0

fl=(1)
fn=(6)
25 20 0

fl=(1)
fn=(6)
25 10 0

fl=(1)
fn=(6)
25 20 0

fl=(1)
fn=(6)
25 20 0

fl=(1)
fn=(6)
25 10 0

fl=(1)
fn=(6)
25 20 0

fl=(1)
fn=(6)
25 10 0

fl=(1)
fn=(6)
25 20 0

fl=(1)
fn=(6)
25 20 0

fl=(1)
fn=(6)
25 20 0

fl=(1)
fn=(6)
25 20 0

fl=(1)
fn=(6)
25 20 0

fl=(1)
fn=(6)
25 20 0

fl=(1)
fn=(6)
25 20 0

fl=(1)
fn=(6)
25 20 0

fl=(1)
fn=(6)
25 20 0

fl=(1)
fn=(6)
25 20 0

fl=(1)
fn=(6)
25 20 0

fl=(1)
fn=(6)
25 20 0

fl=(1)
fn=(6)
25 20 0

fl=(1)
fn=(6)
25 20 0

fl=(1)
fn=(6)
25 20 0

fl=(1)
fn=(6)
25 20 0

fl=(1)
fn=(6)
25 20 0

fl=(1)
fn=(6)
25 20 0

fl=(1)
fn=(6)
25 20 0

fl=(1)
fn=(6)
25 20 0

fl=(1)
fn=(6)
25 20 0

fl=(1)
fn=(6)
25 20 0

fl=(1)
fn=(6)
25 20 0

fl=(1)
fn=(6)
25 20 0

fl=(1)
fn=(6)
25 20 0

fl=(1)
fn=(6)
25 20 0

fl=(1)
fn=(6)
25 20 0

fl=(1)
fn=(6)
25 20 0

fl=(1)
fn=(6)
25 20 0

fl=(1)
fn=(6)
25 20 0

fl=(1)
fn=(6)
25 20 0

fl=(1)
fn=(6)
25 20 0

fl=(1)
fn=(6)
25 20 0

fl=(1)
fn=(6)
25 20 0

fl=(1)
fn=(6)
25 20 0

fl=(1)
fn=(6)
25 20 0

fl=(1)
fn=(6)
25 20 0

fl=(1)
fn=(6)
25 20 0

fl=(1)
fn=(6)
25 20 0

fl=(1)
fn=(6)
25 10 0

fl=(1)
fn=(6)
25 20 0

fl=(1)
fn=(6)
25 10 0

fl=(1)
fn=(6)
25 20 0

fl=(1)
fn=(6)
25 20 0

fl=(1)
fn=(6)
25 20 0

fl=(1)
fn=(6)
25 10 0

fl=(1)
fn=(6)
25 20 0

fl=(1)
fn=(6)
25 20 0

fl=(1)
fn=(6)
25 20 0

fl=(1)
fn=(6)
25 20 0

fl=(1)
fn=(6)
25 20 0

fl=(1)
fn=(6)
25 20 0

fl=(1)
fn=(6)
25 20 0

fl=(1)
fn=(6)
25 20 0

fl=(1)
fn=(6)
25 10 0

fl=(1)
fn=(6)
25 20 0

fl=(1)
fn=(6)
25 10 0

fl=(1)
fn=(6)
25 20 0

fl=(1)
fn=(6)
25 20 0

fl=(1)
fn=(6)
25 20 0

fl=(1)
fn=(6)
25 10 0

fl=(1)
fn=(6)
25 20 0

fl=(1)
fn=(6)
25 20 0

fl=(1)
fn=(6)
25 20 0

fl=(1)
fn=(6)
25 10 0

fl=(1)
fn=(6)
25 10 0

fl=(1)
fn=(6)
25 20 0

fl=(1)
fn=(6)
25 20 0

fl=(1)
fn=(6)
25 20 0

fl=(1)
fn=(6)
25 20 0

fl=(1)
fn=(6)
25 20 0

fl=(1)
fn=(6)
25 20 0

fl=(1)
fn=(6)
25 20 0

fl=(1)
fn=(6)
25 20 0

fl=(1)
fn=(6)
25 20 0

fl=(1)
fn=(6)
25 20 0

fl=(1)
fn=(6)
25 20 0

fl=(1)
fn=(6)
25 10 0

fl=(1)
fn=(6)
25 20 0

fl=(1)
fn=(6)
25 10 0

fl=(1)
fn=(6)
25 20 0

fl=(1)
fn=(6)
25 20 0

fl=(1)
fn=(6)
25 20 0

fl=(1)
fn=(6)
25 10 0

fl=(1)
fn=(6)
25 20 0

fl=(1)
fn=(6)
25 20 0

fl=(1)
fn=(6)
25 10 0

fl=(1)
fn=(6)
25 10 0

fl=(1)
fn=(6)
25 20 0

fl=(1)
fn=(6)
25 20 0

fl=(1)
fn=(6)
25 20 0

fl=(1)
fn=(6)
25 20 0

fl=(1)
fn=(6)
25 1 0

fl=(1)
fn=(6)
25 1 0

fl=(3)
fn=(7) busyLoop
21 71958 5120
cfl=(1)
cfn=(6)
calls=1 0 0
25 730 0
cfl=(1)
cfn=(6)
calls=1 0 0
25 40 0
cfl=(1)
cfn=(6)
calls=1 0 0
25 20 0
cfl=(1)
cfn=(6)
calls=1 0 0
25 20 0
cfl=(1)
cfn=(6)
calls=1 0 0
25 20 0
cfl=(1)
cfn=(6)
calls=1 0 0
25 10 0
cfl=(1)
cfn=(6)
calls=1 0 0
25 20 0
cfl=(1)
cfn=(6)
calls=1 0 0
25 20 0
cfl=(1)
cfn=(6)
calls=1 0 0
25 20 0
cfl=(1)
cfn=(6)
calls=1 0 0
25 20 0
cfl=(1)
cfn=(6)
calls=1 0 0
25 10 0
cfl=(1)
cfn=(6)
calls=1 0 0
25 20 0
cfl=(1)
cfn=(6)
calls=1 0 0
25 20 0
cfl=(1)
cfn=(6)
calls=1 0 0
25 20 0
cfl=(1)
cfn=(6)
calls=1 0 0
25 30 0
cfl=(1)
cfn=(6)
calls=1 0 0
25 20 0
cfl=(1)
cfn=(6)
calls=1 0 0
25 20 0
cfl=(1)
cfn=(6)
calls=1 0 0
25 10 0
cfl=(1)
cfn=(6)
calls=1 0 0
25 20 0
cfl=(1)
cfn=(6)
calls=1 0 0
25 20 0
cfl=(1)
cfn=(6)
calls=1 0 0
25 20 0
cfl=(1)
cfn=(6)
calls=1 0 0
25 20 0
cfl=(1)
cfn=(6)
calls=1 0 0
25 20 0
cfl=(1)
cfn=(6)
calls=1 0 0
25 20 0
cfl=(1)
cfn=(6)
calls=1 0 0
25 20 0
cfl=(1)
cfn=(6)
calls=1 0 0
25 20 0
cfl=(1)
cfn=(6)
calls=1 0 0
25 10 0
cfl=(1)
cfn=(6)
calls=1 0 0
25 20 0
cfl=(1)
cfn=(6)
calls=1 0 0
25 30 0
cfl=(1)
cfn=(6)
calls=1 0 0
25 10 0
cfl=(1)
cfn=(6)
calls=1 0 0
25 20 0
cfl=(1)
cfn=(6)
calls=1 0 0
25 20 0
cfl=(1)
cfn=(6)
calls=1 0 0
25 20 0
cfl=(1)
cfn=(6)
calls=1 0 0
25 20 0
cfl=(1)
cfn=(6)
calls=1 0 0
25 20 0
cfl=(1)
cfn=(6)
calls=1 0 0
25 10 0
cfl=(1)
cfn=(6)
calls=1 0 0
25 20 0
cfl=(1)
cfn=(6)
calls=1 0 0
25 20 0
cfl=(1)
cfn=(6)
calls=1 0 0
25 20 0
cfl=(1)
cfn=(6)
calls=1 0 0
25 20 0
cfl=(1)
cfn=(6)
calls=1 0 0
25 20 0
cfl=(1)
cfn=(6)
calls=1 0 0
25 20 0
cfl=(1)
cfn=(6)
calls=1 0 0
25 10 0
cfl=(1)
cfn=(6)
calls=1 0 0
25 20 0
cfl=(1)
cfn=(6)
calls=1 0 0
25 20 0
cfl=(1)
cfn=(6)
calls=1 0 0
25 20 0
cfl=(1)
cfn=(6)
calls=1 0 0
25 10 0
cfl=(1)
cfn=(6)
calls=1 0 0
25 20 0
cfl=(1)
cfn=(6)
calls=1 0 0
25 20 0
cfl=(1)
cfn=(6)
calls=1 0 0
25 20 0
cfl=(1)
cfn=(6)
calls=1 0 0
25 20 0
cfl=(1)
cfn=(6)
calls=1 0 0
25 20 0
cfl=(1)
cfn=(6)
calls=1 0 0
25 10 0
cfl=(1)
cfn=(6)
calls=1 0 0
25 20 0
cfl=(1)
cfn=(6)
calls=1 0 0
25 20 0
cfl=(1)
cfn=(6)
calls=1 0 0
25 20 0
cfl=(1)
cfn=(6)
calls=1 0 0
25 20 0
cfl=(1)
cfn=(6)
calls=1 0 0
25 20 0
cfl=(1)
cfn=(6)
calls=1 0 0
25 10 0
cfl=(1)
cfn=(6)
calls=1 0 0
25 20 0
cfl=(1)
cfn=(6)
calls=1 0 0
25 10 0
cfl=(1)
cfn=(6)
calls=1 0 0
25 20 0
cfl=(1)
cfn=(6)
calls=1 0 0
25 20 0
cfl=(1)
cfn=(6)
calls=1 0 0
25 10 0
cfl=(1)
cfn=(6)
calls=1 0 0
25 20 0
cfl=(1)
cfn=(6)
calls=1 0 0
25 10 0
cfl=(1)
cfn=(6)
calls=1 0 0
25 20 0
cfl=(1)
cfn=(6)
calls=1 0 0
25 20 0
cfl=(1)
cfn=(6)
calls=1 0 0
25 20 0
cfl=(1)
cfn=(6)
calls=1 0 0
25 20 0
cfl=(1)
cfn=(6)
calls=1 0 0
25 20 0
cfl=(1)
cfn=(6)
calls=1 0 0
25 20 0
cfl=(1)
cfn=(6)
calls=1 0 0
25 20 0
cfl=(1)
cfn=(6)
calls=1 0 0
25 20 0
cfl=(1)
cfn=(6)
calls=1 0 0
25 20 0
cfl=(1)
cfn=(6)
calls=1 0 0
25 20 0
cfl=(1)
cfn=(6)
calls=1 0 0
25 20 0
cfl=(1)
cfn=(6)
calls=1 0 0
25 20 0
cfl=(1)
cfn=(6)
calls=1 0 0
25 20 0
cfl=(1)
cfn=(6)
calls=1 0 0
25 20 0
cfl=(1)
cfn=(6)
calls=1 0 0
25 20 0
cfl=(1)
cfn=(6)
calls=1 0 0
25 20 0
cfl=(1)
cfn=(6)
calls=1 0 0
25 20 0
cfl=(1)
cfn=(6)
calls=1 0 0
25 20 0
cfl=(1)
cfn=(6)
calls=1 0 0
25 20 0
cfl=(1)
cfn=(6)
calls=1 0 0
25 20 0
cfl=(1)
cfn=(6)
calls=1 0 0
25 20 0
cfl=(1)
cfn=(6)
calls=1 0 0
25 20 0
cfl=(1)
cfn=(6)
calls=1 0 0
25 20 0
cfl=(1)
cfn=(6)
calls=1 0 0
25 20 0
cfl=(1)
cfn=(6)
calls=1 0 0
25 20 0
cfl=(1)
cfn=(6)
calls=1 0 0
25 20 0
cfl=(1)
cfn=(6)
calls=1 0 0
25 20 0
cfl=(1)
cfn=(6)
calls=1 0 0
25 20 0
cfl=(1)
cfn=(6)
calls=1 0 0
25 20 0
cfl=(1)
cfn=(6)
calls=1 0 0
25 20 0
cfl=(1)
cfn=(6)
calls=1 0 0
25 20 0
cfl=(1)
cfn=(6)
calls=1 0 0
25 20 0
cfl=(1)
cfn=(6)
calls=1 0 0
25 20 0
cfl=(1)
cfn=(6)
calls=1 0 0
25 20 0
cfl=(1)
cfn=(6)
calls=1 0 0
25 20 0
cfl=(1)
cfn=(6)
calls=1 0 0
25 20 0
cfl=(1)
cfn=(6)
calls=1 0 0
25 20 0
cfl=(1)
cfn=(6)
calls=1 0 0
25 20 0
cfl=(1)
cfn=(6)
calls=1 0 0
25 20 0
cfl=(1)
cfn=(6)
calls=1 0 0
25 10 0
cfl=(1)
cfn=(6)
calls=1 0 0
25 20 0
cfl=(1)
cfn=(6)
calls=1 0 0
25 10 0
cfl=(1)
cfn=(6)
calls=1 0 0
25 20 0
cfl=(1)
cfn=(6)
calls=1 0 0
25 20 0
cfl=(1)
cfn=(6)
calls=1 0 0
25 20 0
cfl=(1)
cfn=(6)
calls=1 0 0
25 10 0
cfl=(1)
cfn=(6)
calls=1 0 0
25 20 0
cfl=(1)
cfn=(6)
calls=1 0 0
25 20 0
cfl=(1)
cfn=(6)
calls=1 0 0
25 20 0
cfl=(1)
cfn=(6)
calls=1 0 0
25 20 0
cfl=(1)
cfn=(6)
calls=1 0 0
25 20 0
cfl=(1)
cfn=(6)
calls=1 0 0
25 20 0
cfl=(1)
cfn=(6)
calls=1 0 0
25 20 0
cfl=(1)
cfn=(6)
calls=1 0 0
25 20 0
cfl=(1)
cfn=(6)
calls=1 0 0
25 10 0
cfl=(1)
cfn=(6)
calls=1 0 0
25 20 0
cfl=(1)
cfn=(6)
calls=1 0 0
25 10 0
cfl=(1)
cfn=(6)
calls=1 0 0
25 20 0
cfl=(1)
cfn=(6)
calls=1 0 0
25 20 0
cfl=(1)
cfn=(6)
calls=1 0 0
25 20 0
cfl=(1)
cfn=(6)
calls=1 0 0
25 10 0
cfl=(1)
cfn=(6)
calls=1 0 0
25 20 0
cfl=(1)
cfn=(6)
calls=1 0 0
25 20 0
cfl=(1)
cfn=(6)
calls=1 0 0
25 20 0
cfl=(1)
cfn=(6)
calls=1 0 0
25 10 0
cfl=(1)
cfn=(6)
calls=1 0 0
25 10 0
cfl=(1)
cfn=(6)
calls=1 0 0
25 20 0
cfl=(1)
cfn=(6)
calls=1 0 0
25 20 0
cfl=(1)
cfn=(6)
calls=1 0 0
25 20 0
cfl=(1)
cfn=(6)
calls=1 0 0
25 20 0
cfl=(1)
cfn=(6)
calls=1 0 0
25 20 0
cfl=(1)
cfn=(6)
calls=1 0 0
25 20 0
cfl=(1)
cfn=(6)
calls=1 0 0
25 20 0
cfl=(1)
cfn=(6)
calls=1 0 0
25 20 0
cfl=(1)
cfn=(6)
calls=1 0 0
25 20 0
cfl=(1)
cfn=(6)
calls=1 0 0
25 20 0
cfl=(1)
cfn=(6)
calls=1 0 0
25 20 0
cfl=(1)
cfn=(6)
calls=1 0 0
25 10 0
cfl=(1)
cfn=(6)
calls=1 0 0
25 20 0
cfl=(1)
cfn=(6)
calls=1 0 0
25 10 0
cfl=(1)
cfn=(6)
calls=1 0 0
25 20 0
cfl=(1)
cfn=(6)
calls=1 0 0
25 20 0
cfl=(1)
cfn=(6)
calls=1 0 0
25 20 0
cfl=(1)
cfn=(6)
calls=1 0 0
25 10 0
cfl=(1)
cfn=(6)
calls=1 0 0
25 20 0
cfl=(1)
cfn=(6)
calls=1 0 0
25 20 0
cfl=(1)
cfn=(6)
calls=1 0 0
25 10 0
cfl=(1)
cfn=(6)
calls=1 0 0
25 10 0
cfl=(1)
cfn=(6)
calls=1 0 0
25 20 0
cfl=(1)
cfn=(6)
calls=1 0 0
25 20 0
cfl=(1)
cfn=(6)
calls=1 0 0
25 20 0
cfl=(1)
cfn=(6)
calls=1 0 0
25 20 0
cfl=(1)
cfn=(6)
calls=1 0 0
25 1 0
cfl=(1)
cfn=(6)
calls=1 0 0
25 1 0

fl=(1)
fn=(6)
25 10 0

fl=(1)
fn=(6)
25 10 0

fl=(1)
fn=(6)
25 10 0

fl=(1)
fn=(6)
25 10 0

fl=(1)
fn=(6)
25 10 0

fl=(1)
fn=(6)
25 1 0

fl=(1)
fn=(6)
25 1 0

fl=(1)
fn=(6)
25 10 0

fl=(1)
fn=(6)
25 10 0

fl=(1)
fn=(6)
25 1 0

fl=(1)
fn=(6)
25 1 0

fl=(1)
fn=(6)
25 1 0

fl=(1)
fn=(6)
25 1 0

fl=(1)
fn=(6)
25 1 0

fl=(1)
fn=(6)
25 10 0

fl=(1)
fn=(6)
25 10 0

fl=(1)
fn=(6)
25 10 0

fl=(1)
fn=(6)
25 10 0

fl=(1)
fn=(6)
25 1 0

fl=(1)
fn=(6)
25 1 0

fl=(1)
fn=(6)
25 1 0

fl=(1)
fn=(6)
25 1 0

fl=(1)
fn=(6)
25 1 0

fl=(1)
fn=(6)
25 1 0

fl=(1)
fn=(6)
25 10 0

fl=(1)
fn=(6)
25 10 0

fl=(1)
fn=(6)
25 10 0

fl=(1)
fn=(6)
25 10 0

fl=(1)
fn=(6)
25 10 0

fl=(1)
fn=(6)
25 10 0

fl=(1)
fn=(6)
25 10 0

fl=(1)
fn=(6)
25 1 0

fl=(1)
fn=(6)
25 1 0

fl=(1)
fn=(6)
25 1 0

fl=(1)
fn=(6)
25 1 0

fl=(1)
fn=(6)
25 10 0

fl=(1)
fn=(6)
25 10 0

fl=(1)
fn=(6)
25 1 0

fl=(1)
fn=(6)
25 1 0

fl=(1)
fn=(6)
25 1 0

fl=(3)
fn=(7)
21 5560 1280
cfl=(1)
cfn=(6)
calls=1 0 0
25 10 0
cfl=(1)
cfn=(6)
calls=1 0 0
25 10 0
cfl=(1)
cfn=(6)
calls=1 0 0
25 10 0
cfl=(1)
cfn=(6)
calls=1 0 0
25 10 0
cfl=(1)
cfn=(6)
calls=1 0 0
25 10 0
cfl=(1)
cfn=(6)
calls=1 0 0
25 1 0
cfl=(1)
cfn=(6)
calls=1 0 0
25 1 0
cfl=(1)
cfn=(6)
calls=1 0 0
25 10 0
cfl=(1)
cfn=(6)
calls=1 0 0
25 10 0
cfl=(1)
cfn=(6)
calls=1 0 0
25 1 0
cfl=(1)
cfn=(6)
calls=1 0 0
25 1 0
cfl=(1)
cfn=(6)
calls=1 0 0
25 1 0
cfl=(1)
cfn=(6)
calls=1 0 0
25 1 0
cfl=(1)
cfn=(6)
calls=1 0 0
25 1 0
cfl=(1)
cfn=(6)
calls=1 0 0
25 10 0
cfl=(1)
cfn=(6)
calls=1 0 0
25 10 0
cfl=(1)
cfn=(6)
calls=1 0 0
25 10 0
cfl=(1)
cfn=(6)
calls=1 0 0
25 10 0
cfl=(1)
cfn=(6)
calls=1 0 0
25 1 0
cfl=(1)
cfn=(6)
calls=1 0 0
25 1 0
cfl=(1)
cfn=(6)
calls=1 0 0
25 1 0
cfl=(1)
cfn=(6)
calls=1 0 0
25 1 0
cfl=(1)
cfn=(6)
calls=1 0 0
25 1 0
cfl=(1)
cfn=(6)
calls=1 0 0
25 1 0
cfl=(1)
cfn=(6)
calls=1 0 0
25 10 0
cfl=(1)
cfn=(6)
calls=1 0 0
25 10 0
cfl=(1)
cfn=(6)
calls=1 0 0
25 10 0
cfl=(1)
cfn=(6)
calls=1 0 0
25 10 0
cfl=(1)
cfn=(6)
calls=1 0 0
25 10 0
cfl=(1)
cfn=(6)
calls=1 0 0
25 10 0
cfl=(1)
cfn=(6)
calls=1 0 0
25 10 0
cfl=(1)
cfn=(6)
calls=1 0 0
25 1 0
cfl=(1)
cfn=(6)
calls=1 0 0
25 1 0
cfl=(1)
cfn=(6)
calls=1 0 0
25 1 0
cfl=(1)
cfn=(6)
calls=1 0 0
25 1 0
cfl=(1)
cfn=(6)
calls=1 0 0
25 10 0
cfl=(1)
cfn=(6)
calls=1 0 0
25 10 0
cfl=(1)
cfn=(6)
calls=1 0 0
25 1 0
cfl=(1)
cfn=(6)
calls=1 0 0
25 1 0
cfl=(1)
cfn=(6)
calls=1 0 0
25 1 0

fl=(1)
fn=(8) php::str_pad
8 230 40

fl=(1)
fn=(8)
8 10 40

fl=(1)
fn=(8)
8 40 40

fl=(1)
fn=(8)
8 10 40

fl=(1)
fn=(8)
8 20 40

fl=(1)
fn=(8)
8 10 40

fl=(1)
fn=(8)
8 30 40

fl=(1)
fn=(8)
8 20 40

fl=(1)
fn=(8)
8 10 40

fl=(1)
fn=(8)
8 10 40

fl=(1)
fn=(8)
8 10 40

fl=(1)
fn=(8)
8 10 40

fl=(1)
fn=(8)
8 10 40

fl=(1)
fn=(8)
8 10 40

fl=(1)
fn=(8)
8 10 40

fl=(1)
fn=(8)
8 10 40

fl=(1)
fn=(8)
8 1 40

fl=(1)
fn=(8)
8 10 40

fl=(1)
fn=(8)
8 10 40

fl=(1)
fn=(8)
8 10 40

fl=(1)
fn=(8)
8 10 40

fl=(1)
fn=(8)
8 10 40

fl=(1)
fn=(8)
8 1 40

fl=(1)
fn=(8)
8 10 40

fl=(1)
fn=(8)
8 10 40

fl=(1)
fn=(8)
8 1 40

fl=(1)
fn=(8)
8 10 40

fl=(1)
fn=(8)
8 1 40

fl=(1)
fn=(8)
8 1 40

fl=(1)
fn=(8)
8 10 40

fl=(1)
fn=(8)
8 10 40

fl=(1)
fn=(8)
8 10 40

fl=(1)
fn=(8)
8 10 40

fl=(1)
fn=(8)
8 10 40

fl=(1)
fn=(8)
8 10 40

fl=(1)
fn=(8)
8 1 40

fl=(1)
fn=(8)
8 10 40

fl=(1)
fn=(8)
8 10 40

fl=(1)
fn=(8)
8 10 40

fl=(1)
fn=(8)
8 10 40

fl=(2)
fn=(9) helperWork
4 6514 0
cfl=(1)
cfn=(8)
calls=1 0 0
8 230 40
cfl=(1)
cfn=(8)
calls=1 0 0
8 10 40
cfl=(1)
cfn=(8)
calls=1 0 0
8 40 40
cfl=(1)
cfn=(8)
calls=1 0 0
8 10 40
cfl=(1)
cfn=(8)
calls=1 0 0
8 20 40
cfl=(1)
cfn=(8)
calls=1 0 0
8 10 40
cfl=(1)
cfn=(8)
calls=1 0 0
8 30 40
cfl=(1)
cfn=(8)
calls=1 0 0
8 20 40
cfl=(1)
cfn=(8)
calls=1 0 0
8 10 40
cfl=(1)
cfn=(8)
calls=1 0 0
8 10 40
cfl=(1)
cfn=(8)
calls=1 0 0
8 10 40
cfl=(1)
cfn=(8)
calls=1 0 0
8 10 40
cfl=(1)
cfn=(8)
calls=1 0 0
8 10 40
cfl=(1)
cfn=(8)
calls=1 0 0
8 10 40
cfl=(1)
cfn=(8)
calls=1 0 0
8 10 40
cfl=(1)
cfn=(8)
calls=1 0 0
8 10 40
cfl=(1)
cfn=(8)
calls=1 0 0
8 1 40
cfl=(1)
cfn=(8)
calls=1 0 0
8 10 40
cfl=(1)
cfn=(8)
calls=1 0 0
8 10 40
cfl=(1)
cfn=(8)
calls=1 0 0
8 10 40
cfl=(1)
cfn=(8)
calls=1 0 0
8 10 40
cfl=(1)
cfn=(8)
calls=1 0 0
8 10 40
cfl=(1)
cfn=(8)
calls=1 0 0
8 1 40
cfl=(1)
cfn=(8)
calls=1 0 0
8 10 40
cfl=(1)
cfn=(8)
calls=1 0 0
8 10 40
cfl=(1)
cfn=(8)
calls=1 0 0
8 1 40
cfl=(1)
cfn=(8)
calls=1 0 0
8 10 40
cfl=(1)
cfn=(8)
calls=1 0 0
8 1 40
cfl=(1)
cfn=(8)
calls=1 0 0
8 1 40
cfl=(1)
cfn=(8)
calls=1 0 0
8 10 40
cfl=(1)
cfn=(8)
calls=1 0 0
8 10 40
cfl=(1)
cfn=(8)
calls=1 0 0
8 10 40
cfl=(1)
cfn=(8)
calls=1 0 0
8 10 40
cfl=(1)
cfn=(8)
calls=1 0 0
8 10 40
cfl=(1)
cfn=(8)
calls=1 0 0
8 10 40
cfl=(1)
cfn=(8)
calls=1 0 0
8 1 40
cfl=(1)
cfn=(8)
calls=1 0 0
8 10 40
cfl=(1)
cfn=(8)
calls=1 0 0
8 10 40
cfl=(1)
cfn=(8)
calls=1 0 0
8 10 40
cfl=(1)
cfn=(8)
calls=1 0 0
8 10 40

fl=(1)
fn=(8)
8 10 40

fl=(1)
fn=(8)
8 10 40

fl=(1)
fn=(8)
8 10 40

fl=(1)
fn=(8)
8 10 40

fl=(1)
fn=(8)
8 10 40

fl=(1)
fn=(8)
8 10 40

fl=(1)
fn=(8)
8 1 40

fl=(1)
fn=(8)
8 10 40

fl=(1)
fn=(8)
8 10 40

fl=(1)
fn=(8)
8 10 40

fl=(2)
fn=(9)
4 1539 0
cfl=(1)
cfn=(8)
calls=1 0 0
8 10 40
cfl=(1)
cfn=(8)
calls=1 0 0
8 10 40
cfl=(1)
cfn=(8)
calls=1 0 0
8 10 40
cfl=(1)
cfn=(8)
calls=1 0 0
8 10 40
cfl=(1)
cfn=(8)
calls=1 0 0
8 10 40
cfl=(1)
cfn=(8)
calls=1 0 0
8 10 40
cfl=(1)
cfn=(8)
calls=1 0 0
8 1 40
cfl=(1)
cfn=(8)
calls=1 0 0
8 10 40
cfl=(1)
cfn=(8)
calls=1 0 0
8 10 40
cfl=(1)
cfn=(8)
calls=1 0 0
8 10 40

fl=(2)
fn=(10) Widget->__construct
17 380 0

fl=(2)
fn=(11) Widget::make
32 670 128
cfl=(2)
cfn=(10)
calls=1 0 0
34 380 0

fl=(1)
fn=(12) php::range
61 230 1336

fl=(3)
fn=(13) {closure:D:\Experiment\php profiler\cachegrind-studio\fixtures\generator\workload.php:48-50}
48 110 0

fl=(2)
fn=(14) Widget->add
21 840 216

fl=(3)
fn=(13)
48 60 0

fl=(2)
fn=(14)
21 130 0

fl=(3)
fn=(13)
48 60 0

fl=(2)
fn=(14)
21 100 0

fl=(3)
fn=(13)
48 60 0

fl=(2)
fn=(14)
21 100 0

fl=(3)
fn=(13)
48 50 0

fl=(2)
fn=(14)
21 100 0

fl=(3)
fn=(13)
48 60 0

fl=(2)
fn=(14)
21 100 0

fl=(3)
fn=(13)
48 50 0

fl=(2)
fn=(14)
21 100 0

fl=(3)
fn=(13)
48 50 0

fl=(2)
fn=(14)
21 100 0

fl=(3)
fn=(13)
48 50 0

fl=(2)
fn=(14)
21 180 160

fl=(3)
fn=(13)
48 50 0

fl=(2)
fn=(14)
21 100 0

fl=(3)
fn=(13)
48 60 0

fl=(2)
fn=(14)
21 100 0

fl=(3)
fn=(13)
48 60 0

fl=(2)
fn=(14)
21 100 0

fl=(3)
fn=(13)
48 50 0

fl=(2)
fn=(14)
21 100 0

fl=(3)
fn=(13)
48 50 0

fl=(2)
fn=(14)
21 100 0

fl=(3)
fn=(13)
48 50 0

fl=(2)
fn=(14)
21 100 0

fl=(3)
fn=(13)
48 50 0

fl=(2)
fn=(14)
21 100 0

fl=(3)
fn=(13)
48 50 0

fl=(2)
fn=(14)
21 120 320

fl=(3)
fn=(13)
48 50 0

fl=(2)
fn=(14)
21 100 0

fl=(3)
fn=(13)
48 50 0

fl=(2)
fn=(14)
21 100 0

fl=(3)
fn=(13)
48 50 0

fl=(2)
fn=(14)
21 100 0

fl=(3)
fn=(13)
48 60 0

fl=(2)
fn=(14)
21 100 0

fl=(3)
fn=(13)
48 50 0

fl=(2)
fn=(14)
21 100 0

fl=(3)
fn=(13)
48 50 0

fl=(2)
fn=(14)
21 100 0

fl=(3)
fn=(13)
48 60 0

fl=(2)
fn=(14)
21 90 0

fl=(3)
fn=(13)
48 50 0

fl=(2)
fn=(14)
21 100 0

fl=(3)
fn=(13)
48 50 0

fl=(2)
fn=(14)
21 100 0

fl=(3)
fn=(13)
48 60 0

fl=(2)
fn=(14)
21 100 0

fl=(3)
fn=(13)
48 60 0

fl=(2)
fn=(14)
21 110 0

fl=(3)
fn=(13)
48 50 0

fl=(2)
fn=(14)
21 100 0

fl=(3)
fn=(13)
48 60 0

fl=(2)
fn=(14)
21 100 0

fl=(3)
fn=(13)
48 60 0

fl=(2)
fn=(14)
21 100 0

fl=(3)
fn=(13)
48 50 0

fl=(2)
fn=(14)
21 110 0

fl=(3)
fn=(13)
48 60 0

fl=(2)
fn=(14)
21 110 640

fl=(3)
fn=(13)
48 50 0

fl=(2)
fn=(14)
21 100 0

fl=(3)
fn=(13)
48 60 0

fl=(2)
fn=(14)
21 110 0

fl=(3)
fn=(13)
48 50 0

fl=(2)
fn=(14)
21 100 0

fl=(3)
fn=(13)
48 80 0

fl=(2)
fn=(14)
21 100 0

fl=(3)
fn=(13)
48 50 0

fl=(2)
fn=(14)
21 100 0

fl=(3)
fn=(13)
48 60 0

fl=(2)
fn=(14)
21 90 0

fl=(3)
fn=(13)
48 50 0

fl=(2)
fn=(14)
21 100 0

fl=(1)
fn=(15) php::array_sum
29 190 0

fl=(2)
fn=(16) Widget->total
27 260 40
cfl=(1)
cfn=(15)
calls=1 0 0
29 190 0

fl=(1)
fn=(17) php::str_repeat
34 170 96

fl=(1)
fn=(17)
34 10 96

fl=(1)
fn=(17)
34 20 96

fl=(1)
fn=(17)
34 10 96

fl=(1)
fn=(17)
34 10 96

fl=(1)
fn=(17)
34 1 96

fl=(1)
fn=(17)
34 1 96

fl=(1)
fn=(17)
34 1 96

fl=(1)
fn=(17)
34 1 96

fl=(1)
fn=(17)
34 10 96

fl=(1)
fn=(17)
34 10 96

fl=(1)
fn=(17)
34 10 96

fl=(1)
fn=(17)
34 10 96

fl=(1)
fn=(17)
34 1 96

fl=(1)
fn=(17)
34 1 96

fl=(1)
fn=(17)
34 10 96

fl=(1)
fn=(17)
34 1 96

fl=(1)
fn=(17)
34 10 96

fl=(1)
fn=(17)
34 10 96

fl=(1)
fn=(17)
34 10 96

fl=(1)
fn=(17)
34 10 96

fl=(1)
fn=(17)
34 10 96

fl=(1)
fn=(17)
34 1 96

fl=(1)
fn=(17)
34 10 96

fl=(1)
fn=(17)
34 1 96

fl=(1)
fn=(17)
34 1 96

fl=(1)
fn=(17)
34 10 96

fl=(1)
fn=(17)
34 1 96

fl=(1)
fn=(17)
34 1 96

fl=(1)
fn=(17)
34 10 96

fl=(1)
fn=(17)
34 1 96

fl=(1)
fn=(17)
34 1 96

fl=(1)
fn=(17)
34 10 96

fl=(1)
fn=(17)
34 1 96

fl=(1)
fn=(17)
34 1 96

fl=(1)
fn=(17)
34 1 96

fl=(1)
fn=(17)
34 1 96

fl=(1)
fn=(17)
34 1 96

fl=(1)
fn=(17)
34 10 96

fl=(1)
fn=(17)
34 10 96

fl=(3)
fn=(18) allocate
30 5431 2936
cfl=(1)
cfn=(17)
calls=1 0 0
34 170 96
cfl=(1)
cfn=(17)
calls=1 0 0
34 10 96
cfl=(1)
cfn=(17)
calls=1 0 0
34 20 96
cfl=(1)
cfn=(17)
calls=1 0 0
34 10 96
cfl=(1)
cfn=(17)
calls=1 0 0
34 10 96
cfl=(1)
cfn=(17)
calls=1 0 0
34 1 96
cfl=(1)
cfn=(17)
calls=1 0 0
34 1 96
cfl=(1)
cfn=(17)
calls=1 0 0
34 1 96
cfl=(1)
cfn=(17)
calls=1 0 0
34 1 96
cfl=(1)
cfn=(17)
calls=1 0 0
34 10 96
cfl=(1)
cfn=(17)
calls=1 0 0
34 10 96
cfl=(1)
cfn=(17)
calls=1 0 0
34 10 96
cfl=(1)
cfn=(17)
calls=1 0 0
34 10 96
cfl=(1)
cfn=(17)
calls=1 0 0
34 1 96
cfl=(1)
cfn=(17)
calls=1 0 0
34 1 96
cfl=(1)
cfn=(17)
calls=1 0 0
34 10 96
cfl=(1)
cfn=(17)
calls=1 0 0
34 1 96
cfl=(1)
cfn=(17)
calls=1 0 0
34 10 96
cfl=(1)
cfn=(17)
calls=1 0 0
34 10 96
cfl=(1)
cfn=(17)
calls=1 0 0
34 10 96
cfl=(1)
cfn=(17)
calls=1 0 0
34 10 96
cfl=(1)
cfn=(17)
calls=1 0 0
34 10 96
cfl=(1)
cfn=(17)
calls=1 0 0
34 1 96
cfl=(1)
cfn=(17)
calls=1 0 0
34 10 96
cfl=(1)
cfn=(17)
calls=1 0 0
34 1 96
cfl=(1)
cfn=(17)
calls=1 0 0
34 1 96
cfl=(1)
cfn=(17)
calls=1 0 0
34 10 96
cfl=(1)
cfn=(17)
calls=1 0 0
34 1 96
cfl=(1)
cfn=(17)
calls=1 0 0
34 1 96
cfl=(1)
cfn=(17)
calls=1 0 0
34 10 96
cfl=(1)
cfn=(17)
calls=1 0 0
34 1 96
cfl=(1)
cfn=(17)
calls=1 0 0
34 1 96
cfl=(1)
cfn=(17)
calls=1 0 0
34 10 96
cfl=(1)
cfn=(17)
calls=1 0 0
34 1 96
cfl=(1)
cfn=(17)
calls=1 0 0
34 1 96
cfl=(1)
cfn=(17)
calls=1 0 0
34 1 96
cfl=(1)
cfn=(17)
calls=1 0 0
34 1 96
cfl=(1)
cfn=(17)
calls=1 0 0
34 1 96
cfl=(1)
cfn=(17)
calls=1 0 0
34 10 96
cfl=(1)
cfn=(17)
calls=1 0 0
34 10 96

fl=(3)
fn=(19) {main}
1 45790 0
cfl=(2)
cfn=(1)
calls=1 0 0
13 210 0
cfl=(1)
cfn=(2)
calls=1 0 0
45 21290 0
cfl=(3)
cfn=(4)
calls=1 0 0
52 49320790 32
cfl=(3)
cfn=(5)
calls=1 0 0
54 222770 64
cfl=(3)
cfn=(7)
calls=1 0 0
55 75610 5120
cfl=(3)
cfn=(7)
calls=1 0 0
56 5780 1280
cfl=(2)
cfn=(9)
calls=1 0 0
57 7150 1472
cfl=(2)
cfn=(9)
calls=1 0 0
58 1630 400
cfl=(2)
cfn=(11)
calls=1 0 0
60 1050 128
cfl=(1)
cfn=(12)
calls=1 0 0
61 230 1336
cfl=(3)
cfn=(13)
calls=1 0 0
62 110 0
cfl=(2)
cfn=(14)
calls=1 0 0
62 840 216
cfl=(3)
cfn=(13)
calls=1 0 0
62 60 0
cfl=(2)
cfn=(14)
calls=1 0 0
62 130 0
cfl=(3)
cfn=(13)
calls=1 0 0
62 60 0
cfl=(2)
cfn=(14)
calls=1 0 0
62 100 0
cfl=(3)
cfn=(13)
calls=1 0 0
62 60 0
cfl=(2)
cfn=(14)
calls=1 0 0
62 100 0
cfl=(3)
cfn=(13)
calls=1 0 0
62 50 0
cfl=(2)
cfn=(14)
calls=1 0 0
62 100 0
cfl=(3)
cfn=(13)
calls=1 0 0
62 60 0
cfl=(2)
cfn=(14)
calls=1 0 0
62 100 0
cfl=(3)
cfn=(13)
calls=1 0 0
62 50 0
cfl=(2)
cfn=(14)
calls=1 0 0
62 100 0
cfl=(3)
cfn=(13)
calls=1 0 0
62 50 0
cfl=(2)
cfn=(14)
calls=1 0 0
62 100 0
cfl=(3)
cfn=(13)
calls=1 0 0
62 50 0
cfl=(2)
cfn=(14)
calls=1 0 0
62 180 160
cfl=(3)
cfn=(13)
calls=1 0 0
62 50 0
cfl=(2)
cfn=(14)
calls=1 0 0
62 100 0
cfl=(3)
cfn=(13)
calls=1 0 0
62 60 0
cfl=(2)
cfn=(14)
calls=1 0 0
62 100 0
cfl=(3)
cfn=(13)
calls=1 0 0
62 60 0
cfl=(2)
cfn=(14)
calls=1 0 0
62 100 0
cfl=(3)
cfn=(13)
calls=1 0 0
62 50 0
cfl=(2)
cfn=(14)
calls=1 0 0
62 100 0
cfl=(3)
cfn=(13)
calls=1 0 0
62 50 0
cfl=(2)
cfn=(14)
calls=1 0 0
62 100 0
cfl=(3)
cfn=(13)
calls=1 0 0
62 50 0
cfl=(2)
cfn=(14)
calls=1 0 0
62 100 0
cfl=(3)
cfn=(13)
calls=1 0 0
62 50 0
cfl=(2)
cfn=(14)
calls=1 0 0
62 100 0
cfl=(3)
cfn=(13)
calls=1 0 0
62 50 0
cfl=(2)
cfn=(14)
calls=1 0 0
62 120 320
cfl=(3)
cfn=(13)
calls=1 0 0
62 50 0
cfl=(2)
cfn=(14)
calls=1 0 0
62 100 0
cfl=(3)
cfn=(13)
calls=1 0 0
62 50 0
cfl=(2)
cfn=(14)
calls=1 0 0
62 100 0
cfl=(3)
cfn=(13)
calls=1 0 0
62 50 0
cfl=(2)
cfn=(14)
calls=1 0 0
62 100 0
cfl=(3)
cfn=(13)
calls=1 0 0
62 60 0
cfl=(2)
cfn=(14)
calls=1 0 0
62 100 0
cfl=(3)
cfn=(13)
calls=1 0 0
62 50 0
cfl=(2)
cfn=(14)
calls=1 0 0
62 100 0
cfl=(3)
cfn=(13)
calls=1 0 0
62 50 0
cfl=(2)
cfn=(14)
calls=1 0 0
62 100 0
cfl=(3)
cfn=(13)
calls=1 0 0
62 60 0
cfl=(2)
cfn=(14)
calls=1 0 0
62 90 0
cfl=(3)
cfn=(13)
calls=1 0 0
62 50 0
cfl=(2)
cfn=(14)
calls=1 0 0
62 100 0
cfl=(3)
cfn=(13)
calls=1 0 0
62 50 0
cfl=(2)
cfn=(14)
calls=1 0 0
62 100 0
cfl=(3)
cfn=(13)
calls=1 0 0
62 60 0
cfl=(2)
cfn=(14)
calls=1 0 0
62 100 0
cfl=(3)
cfn=(13)
calls=1 0 0
62 60 0
cfl=(2)
cfn=(14)
calls=1 0 0
62 110 0
cfl=(3)
cfn=(13)
calls=1 0 0
62 50 0
cfl=(2)
cfn=(14)
calls=1 0 0
62 100 0
cfl=(3)
cfn=(13)
calls=1 0 0
62 60 0
cfl=(2)
cfn=(14)
calls=1 0 0
62 100 0
cfl=(3)
cfn=(13)
calls=1 0 0
62 60 0
cfl=(2)
cfn=(14)
calls=1 0 0
62 100 0
cfl=(3)
cfn=(13)
calls=1 0 0
62 50 0
cfl=(2)
cfn=(14)
calls=1 0 0
62 110 0
cfl=(3)
cfn=(13)
calls=1 0 0
62 60 0
cfl=(2)
cfn=(14)
calls=1 0 0
62 110 640
cfl=(3)
cfn=(13)
calls=1 0 0
62 50 0
cfl=(2)
cfn=(14)
calls=1 0 0
62 100 0
cfl=(3)
cfn=(13)
calls=1 0 0
62 60 0
cfl=(2)
cfn=(14)
calls=1 0 0
62 110 0
cfl=(3)
cfn=(13)
calls=1 0 0
62 50 0
cfl=(2)
cfn=(14)
calls=1 0 0
62 100 0
cfl=(3)
cfn=(13)
calls=1 0 0
62 80 0
cfl=(2)
cfn=(14)
calls=1 0 0
62 100 0
cfl=(3)
cfn=(13)
calls=1 0 0
62 50 0
cfl=(2)
cfn=(14)
calls=1 0 0
62 100 0
cfl=(3)
cfn=(13)
calls=1 0 0
62 60 0
cfl=(2)
cfn=(14)
calls=1 0 0
62 90 0
cfl=(3)
cfn=(13)
calls=1 0 0
62 50 0
cfl=(2)
cfn=(14)
calls=1 0 0
62 100 0
cfl=(2)
cfn=(16)
calls=1 0 0
64 450 40
cfl=(3)
cfn=(18)
calls=1 0 0
66 5830 6776

summary: 49726620 621456

